// Jest Snapshot v1, https://goo.gl/fbAQLP

exports[`Counter renders correctly 1`] = `
<div
  class="sv-tab-wrap"
>
  <div
    class="sv-tab-container"
  >
    <div
      class="sv-tab-self"
    >
       
      <div
        class="sv-tab-ink-bar sv-tab-bar-transition-backward"
        style="display: block; height: 3px; transition: none;"
      >
        <!---->
      </div>
    </div>
  </div>
</div>
`;
